 Image polyhunter-dev:local Building
 Image polyhunter-dev:local Building
#1 [internal] load local bake definitions
#1 reading from stdin 1.04kB 0.1s done
#1 DONE 0.1s

#2 [web internal] load build definition from Dockerfile.dev
#2 transferring dockerfile:
#2 transferring dockerfile: 3.74kB 0.1s done
#2 DONE 0.5s

#2 [web internal] load build definition from Dockerfile.dev
#2 DONE 0.5s

#3 [worker internal] load metadata for docker.io/library/node:24-trixie-slim@sha256:173f125896c3b47ddf056734c7ea789d04595a6a08769a8f78e0df642781fb66
#3 ...

#4 [auth] library/node:pull token for registry-1.docker.io
#4 DONE 0.0s

#3 [web internal] load metadata for docker.io/library/node:24-trixie-slim@sha256:173f125896c3b47ddf056734c7ea789d04595a6a08769a8f78e0df642781fb66
#3 DONE 2.4s

#5 [web internal] load .dockerignore
#5 transferring context:
#5 transferring context: 208B 0.0s done
#5 DONE 0.4s

#5 [worker internal] load .dockerignore
#5 DONE 0.4s

#6 [web internal] load build context
#6 transferring context: 729B 0.0s done
#6 DONE 0.7s

#7 [web  1/15] FROM docker.io/library/node:24-trixie-slim@sha256:173f125896c3b47ddf056734c7ea789d04595a6a08769a8f78e0df642781fb66
#7 resolve docker.io/library/node:24-trixie-slim@sha256:173f125896c3b47ddf056734c7ea789d04595a6a08769a8f78e0df642781fb66
#7 ...

#6 [web internal] load build context
#6 DONE 0.7s

#7 [web  1/15] FROM docker.io/library/node:24-trixie-slim@sha256:173f125896c3b47ddf056734c7ea789d04595a6a08769a8f78e0df642781fb66
#7 resolve docker.io/library/node:24-trixie-slim@sha256:173f125896c3b47ddf056734c7ea789d04595a6a08769a8f78e0df642781fb66 0.9s done
#7 DONE 1.1s

#7 [web  1/15] FROM docker.io/library/node:24-trixie-slim@sha256:173f125896c3b47ddf056734c7ea789d04595a6a08769a8f78e0df642781fb66
#7 resolve docker.io/library/node:24-trixie-slim@sha256:173f125896c3b47ddf056734c7ea789d04595a6a08769a8f78e0df642781fb66 0.9s done
#7 DONE 1.1s

#8 [worker  2/15] WORKDIR /workspace
#8 CACHED

#9 [worker  3/15] RUN mkdir -p /workspace && chown node:node /workspace
#9 DONE 3.2s

#9 [web  3/15] RUN mkdir -p /workspace && chown node:node /workspace
#9 DONE 3.2s

#10 [worker  4/15] COPY --chown=node:node package.json package-lock.json ./
#10 DONE 10.2s

#10 [worker  4/15] COPY --chown=node:node package.json package-lock.json ./
#10 DONE 10.2s

#11 [worker  5/15] COPY --chown=node:node apps/web/package.json apps/web/package.json
#11 DONE 2.6s

#11 [web  5/15] COPY --chown=node:node apps/web/package.json apps/web/package.json
#11 DONE 2.6s

#12 [web  6/15] COPY --chown=node:node apps/worker/package.json apps/worker/package.json
#12 DONE 2.6s

#12 [worker  6/15] COPY --chown=node:node apps/worker/package.json apps/worker/package.json
#12 DONE 2.6s

#13 [worker  7/15] COPY --chown=node:node packages/contracts/package.json packages/contracts/package.json
#13 DONE 2.3s

#13 [worker  7/15] COPY --chown=node:node packages/contracts/package.json packages/contracts/package.json
#13 DONE 2.3s

#14 [worker  8/15] COPY --chown=node:node packages/domain/package.json packages/domain/package.json
#14 DONE 2.9s

#14 [web  8/15] COPY --chown=node:node packages/domain/package.json packages/domain/package.json
#14 DONE 2.9s

#15 [web  9/15] COPY --chown=node:node packages/db/package.json packages/db/package.json
#15 DONE 2.5s

#15 [worker  9/15] COPY --chown=node:node packages/db/package.json packages/db/package.json
#15 DONE 2.5s

#16 [web 10/15] COPY --chown=node:node packages/testkit/package.json packages/testkit/package.json
#16 DONE 2.6s

#16 [web 10/15] COPY --chown=node:node packages/testkit/package.json packages/testkit/package.json
#16 DONE 2.6s

#17 [worker 11/15] COPY --chown=node:node packages/polymarket/package.json packages/polymarket/package.json
#17 DONE 2.7s

#17 [web 11/15] COPY --chown=node:node packages/polymarket/package.json packages/polymarket/package.json
#17 DONE 2.7s

#18 [worker 12/15] RUN mkdir -p apps/web/.next && chown -R node:node /workspace
#18 DONE 4.5s

#18 [worker 12/15] RUN mkdir -p apps/web/.next && chown -R node:node /workspace
#18 DONE 4.5s

#19 [web 13/15] RUN set -eu;     npm install --global --no-audit --no-fund npm@12.2.0;     root="$(npm root --global)/npm/node_modules";     test "$root" = "/usr/local/lib/node_modules/npm/node_modules";     tmp="$(mktemp -d)";     cd "$tmp";     npm pack --ignore-scripts --json       brace-expansion@5.0.11       undici@6.28.1       http-cache-semantics@4.3.0 > pack.json;     node -e 'const fs=require("node:fs");const expected={"brace-expansion":["5.0.11","sha512-awigjhi6cLTh90bdw6+QJ9CtmJmyYhEIi70iCbc8Rozn04Fw9FeQIBjv/E22FFGuCGx1bLJyUfB64x/szUSXUg=="],"undici":["6.28.1","sha512-zWpdTVD54H48CIybL0rWQ3ukpb9d23wM7eH5RtfdmeP70cWHNjtfo7P4vZX+5CoDcO53J4Pu5uXp7lNfjc6DRA=="],"http-cache-semantics":["4.3.0","sha512-M5t5LlJpS1UHMjvwRQVdFHvPISGeLAxNcrWuJkeGh0KxsqCHZ1O3NXZU/8x7cD0BDcGW8kapxMKTvwlqrNkHkA=="]};const packed=JSON.parse(fs.readFileSync("pack.json","utf8"));for(const [name,[version,integrity]] of Object.entries(expected)){const item=packed[name];if(!item||item.version!==version||item.integrity!==integrity)throw new Error("npm tarball identity mismatch: "+name)}';     for spec in brace-expansion:5.0.11 undici:6.28.1 http-cache-semantics:4.3.0; do       package="${spec%%:*}";       version="${spec#*:}";       rm -rf "$root/$package";       mkdir -p "$root/$package";       tar -xzf "$tmp/$package-$version.tgz" --strip-components=1 -C "$root/$package";     done;     node -e 'const fs=require("node:fs");const path=require("node:path");const root="/usr/local/lib/node_modules/npm/node_modules";const semver=require(path.join(root,"semver"));const pkg=name=>JSON.parse(fs.readFileSync(path.join(root,name,"package.json"),"utf8"));const expected={"brace-expansion":"5.0.11",undici:"6.28.1","http-cache-semantics":"4.3.0",tar:"7.5.22","ip-address":"10.5.0"};for(const [name,version] of Object.entries(expected)){if(pkg(name).version!==version)throw new Error(name+" version mismatch")}for(const [parent,dependency] of [["minimatch","brace-expansion"],["node-gyp","undici"],["make-fetch-happen","http-cache-semantics"]]){if(!semver.satisfies(pkg(dependency).version,pkg(parent).dependencies[dependency]))throw new Error(dependency+" falls outside "+parent+" declared range")}if(!semver.satisfies(pkg("balanced-match").version,pkg("brace-expansion").dependencies["balanced-match"]))throw new Error("balanced-match falls outside brace-expansion declared range")';     npm --version;     npm ls --global --all brace-expansion undici tar ip-address http-cache-semantics balanced-match;     rm -rf "$tmp"
#19 211.9
#19 211.9 removed 8 packages, and changed 76 packages in 3m
#19 214.5 12.2.0
#19 215.7 /usr/local/lib
#19 215.7 `-- npm@12.2.0
#19 215.7   +-- libnpmdiff@9.0.3
#19 215.7   | `-- tar@7.5.22 deduped
#19 215.7   +-- make-fetch-happen@16.0.1
#19 215.7   | +-- @npmcli/agent@5.0.2
#19 215.7   | | `-- socks-proxy-agent@10.1.0
#19 215.7   | |   `-- socks@2.8.9
#19 215.7   | |     `-- ip-address@10.5.0
#19 215.7   | `-- http-cache-semantics@4.3.0
#19 215.7   +-- minimatch@10.2.5
#19 215.7   | `-- brace-expansion@5.0.11
#19 215.7   |   `-- balanced-match@4.0.4
#19 215.7   +-- node-gyp@13.0.0
#19 215.7   | +-- tar@7.5.22 deduped
#19 215.7   | `-- undici@6.28.1
#19 215.7   +-- pacote@22.0.0
#19 215.7   | `-- tar@7.5.22 deduped
#19 215.7   `-- tar@7.5.22
#19 215.7
#19 DONE 218.4s

#19 [web 13/15] RUN set -eu;     npm install --global --no-audit --no-fund npm@12.2.0;     root="$(npm root --global)/npm/node_modules";     test "$root" = "/usr/local/lib/node_modules/npm/node_modules";     tmp="$(mktemp -d)";     cd "$tmp";     npm pack --ignore-scripts --json       brace-expansion@5.0.11       undici@6.28.1       http-cache-semantics@4.3.0 > pack.json;     node -e 'const fs=require("node:fs");const expected={"brace-expansion":["5.0.11","sha512-awigjhi6cLTh90bdw6+QJ9CtmJmyYhEIi70iCbc8Rozn04Fw9FeQIBjv/E22FFGuCGx1bLJyUfB64x/szUSXUg=="],"undici":["6.28.1","sha512-zWpdTVD54H48CIybL0rWQ3ukpb9d23wM7eH5RtfdmeP70cWHNjtfo7P4vZX+5CoDcO53J4Pu5uXp7lNfjc6DRA=="],"http-cache-semantics":["4.3.0","sha512-M5t5LlJpS1UHMjvwRQVdFHvPISGeLAxNcrWuJkeGh0KxsqCHZ1O3NXZU/8x7cD0BDcGW8kapxMKTvwlqrNkHkA=="]};const packed=JSON.parse(fs.readFileSync("pack.json","utf8"));for(const [name,[version,integrity]] of Object.entries(expected)){const item=packed[name];if(!item||item.version!==version||item.integrity!==integrity)throw new Error("npm tarball identity mismatch: "+name)}';     for spec in brace-expansion:5.0.11 undici:6.28.1 http-cache-semantics:4.3.0; do       package="${spec%%:*}";       version="${spec#*:}";       rm -rf "$root/$package";       mkdir -p "$root/$package";       tar -xzf "$tmp/$package-$version.tgz" --strip-components=1 -C "$root/$package";     done;     node -e 'const fs=require("node:fs");const path=require("node:path");const root="/usr/local/lib/node_modules/npm/node_modules";const semver=require(path.join(root,"semver"));const pkg=name=>JSON.parse(fs.readFileSync(path.join(root,name,"package.json"),"utf8"));const expected={"brace-expansion":"5.0.11",undici:"6.28.1","http-cache-semantics":"4.3.0",tar:"7.5.22","ip-address":"10.5.0"};for(const [name,version] of Object.entries(expected)){if(pkg(name).version!==version)throw new Error(name+" version mismatch")}for(const [parent,dependency] of [["minimatch","brace-expansion"],["node-gyp","undici"],["make-fetch-happen","http-cache-semantics"]]){if(!semver.satisfies(pkg(dependency).version,pkg(parent).dependencies[dependency]))throw new Error(dependency+" falls outside "+parent+" declared range")}if(!semver.satisfies(pkg("balanced-match").version,pkg("brace-expansion").dependencies["balanced-match"]))throw new Error("balanced-match falls outside brace-expansion declared range")';     npm --version;     npm ls --global --all brace-expansion undici tar ip-address http-cache-semantics balanced-match;     rm -rf "$tmp"
#19 DONE 218.4s

#20 [worker 14/15] RUN npm ci --ignore-scripts
#20 10.87 npm warn deprecated @esbuild-kit/esm-loader@2.6.5: Merged into tsx: https://tsx.hirok.io
#20 10.95 npm warn deprecated @esbuild-kit/core-utils@3.3.2: Merged into tsx: https://tsx.hirok.io
#20 60.59
#20 60.59 added 160 packages, and audited 168 packages in 58s
#20 60.59
#20 60.59 40 packages are looking for funding
#20 60.59   run `npm fund` for details
#20 60.59
#20 60.59 found 0 vulnerabilities
#20 DONE 74.5s

#20 [worker 14/15] RUN npm ci --ignore-scripts
#20 DONE 74.5s

#21 [worker 15/15] COPY --chown=node:node tsconfig.base.json ./
#21 DONE 3.3s

#21 [web 15/15] COPY --chown=node:node tsconfig.base.json ./
#21 DONE 3.3s

#22 [worker] exporting to image
#22 exporting layers
#22 ...

#23 [web] exporting to image
#23 exporting layers 115.7s done
#23 exporting manifest sha256:6b8d4bdddb100612b0768fe66f5b834bb3b5632725f7fd600daa1b8d8aa7ee57
#23 ...

#22 [worker] exporting to image
#22 exporting layers 115.8s done
#22 exporting manifest sha256:15c67574fbc60a625aa2b208d6d544d205f557059decfa11c038925677d57801
#22 exporting manifest sha256:15c67574fbc60a625aa2b208d6d544d205f557059decfa11c038925677d57801 0.7s done
#22 exporting config sha256:43add36a23307b8dcbce337ff35e67f7431bf9c46447df609c823a87ec47ca64
#22 exporting config sha256:43add36a23307b8dcbce337ff35e67f7431bf9c46447df609c823a87ec47ca64 1.0s done
#22 exporting attestation manifest sha256:490a8c07e242b0e1751c4cd16c3a47ab52eb34cdc1bb50d2564aaef40a79a641
#22 exporting attestation manifest sha256:490a8c07e242b0e1751c4cd16c3a47ab52eb34cdc1bb50d2564aaef40a79a641 1.2s done
#22 exporting manifest list sha256:759610825e3c0832dca8ba81a4e8f18795467d28999e5eccf67f3a5bec54f64d
#22 exporting manifest list sha256:759610825e3c0832dca8ba81a4e8f18795467d28999e5eccf67f3a5bec54f64d 1.0s done
#22 naming to docker.io/library/polyhunter-dev:local
#22 naming to docker.io/library/polyhunter-dev:local 0.3s done
#22 unpacking to docker.io/library/polyhunter-dev:local
#22 ...

#23 [web] exporting to image
#23 exporting manifest sha256:6b8d4bdddb100612b0768fe66f5b834bb3b5632725f7fd600daa1b8d8aa7ee57 0.9s done
#23 exporting config sha256:abf6bb1ace5e7be4c5b2d00c07a35c8755c5d38b1f98ce7efd99f2e116c07a4e 0.9s done
#23 exporting attestation manifest sha256:0bfa568158d25922cc1527abb65ecd62cc6682cf0e08df8f3e73a2be64984a70 1.2s done
#23 exporting manifest list sha256:3e7475d7fce403540855f0397f023b20ad9ab79b3767ea6ee6499afd570fbc47 1.0s done
#23 naming to docker.io/library/polyhunter-dev:local 0.2s done
#23 ...

#22 [worker] exporting to image
#22 unpacking to docker.io/library/polyhunter-dev:local 84.9s done
#22 DONE 206.1s

#23 [web] exporting to image
#23 unpacking to docker.io/library/polyhunter-dev:local 88.2s done
#23 DONE 212.6s

#24 [worker] resolving provenance for metadata file
#24 DONE 0.2s

#25 [web] resolving provenance for metadata file
#25 DONE 0.1s
 Image polyhunter-dev:local Built
 Image polyhunter-dev:local Built
