[33m[nodemon] 3.1.14[39m
[33m[nodemon] to restart at any time, enter `rs`[39m
[33m[nodemon] watching path(s): apps/worker/**/* packages/**/*[39m
[33m[nodemon] watching extensions: ts,json[39m
[32m[nodemon] starting `node apps/worker/src/index.ts`[39m
PolyHunter worker shell started without product behavior.
[32m[nodemon] clean exit - waiting for changes before restart[39m
[32m[nodemon] restarting due to changes...[39m
[32m[nodemon] starting `node apps/worker/src/index.ts`[39m
[32m[nodemon] restarting due to changes...[39m
[32m[nodemon] starting `node apps/worker/src/index.ts`[39m
PolyHunter worker shell started without product behavior.
[32m[nodemon] clean exit - waiting for changes before restart[39m
[32m[nodemon] restarting due to changes...[39m
[32m[nodemon] starting `node apps/worker/src/index.ts`[39m
[32m[nodemon] restarting due to changes...[39m
[32m[nodemon] starting `node apps/worker/src/index.ts`[39m
PolyHunter worker shell started without product behavior.
[32m[nodemon] clean exit - waiting for changes before restart[39m
[32m[nodemon] restarting due to changes...[39m
[32m[nodemon] starting `node apps/worker/src/index.ts`[39m
[32m[nodemon] restarting due to changes...[39m
[32m[nodemon] starting `node apps/worker/src/index.ts`[39m
PolyHunter worker shell started without product behavior.
[32m[nodemon] clean exit - waiting for changes before restart[39m
